OpenJDK 64-Bit Server VM (25.265-b01) for linux-amd64 JRE (1.8.0_265-8u265-b01-0ubuntu2~20.04-b01), built on Aug  3 2020 01:16:56 by "buildd" with gcc 9.3.0
Memory: 4k page, physical 6061580k(770588k free), swap 2097148k(2037244k free)
CommandLine flags: -XX:+ExplicitGCInvokesConcurrent -XX:GCLogFileSize=104857600 -XX:InitialHeapSize=1073741824 -XX:InitiatingHeapOccupancyPercent=35 -XX:+ManagementServer -XX:MaxGCPauseMillis=20 -XX:MaxHeapSize=1073741824 -XX:MaxInlineLevel=15 -XX:NumberOfGCLogFiles=10 -XX:+PrintGC -XX:+PrintGCDateStamps -XX:+PrintGCDetails -XX:+PrintGCTimeStamps -XX:+UseCompressedClassPointers -XX:+UseCompressedOops -XX:+UseG1GC -XX:+UseGCLogFileRotation 
2020-10-07T09:47:45.188+0100: 1.637: [GC pause (G1 Evacuation Pause) (young), 0.0142362 secs]
   [Parallel Time: 6.5 ms, GC Workers: 8]
      [GC Worker Start (ms): Min: 1637.0, Avg: 1637.1, Max: 1637.2, Diff: 0.2]
      [Ext Root Scanning (ms): Min: 0.4, Avg: 0.9, Max: 2.6, Diff: 2.2, Sum: 7.3]
      [Update RS (ms): Min: 0.0, Avg: 0.0, Max: 0.0, Diff: 0.0, Sum: 0.0]
         [Processed Buffers: Min: 0, Avg: 0.0, Max: 0, Diff: 0, Sum: 0]
      [Scan RS (ms): Min: 0.0, Avg: 0.0, Max: 0.0, Diff: 0.0, Sum: 0.1]
      [Code Root Scanning (ms): Min: 0.0, Avg: 0.2, Max: 0.6, Diff: 0.6, Sum: 1.5]
      [Object Copy (ms): Min: 2.7, Avg: 4.1, Max: 4.7, Diff: 2.0, Sum: 32.7]
      [Termination (ms): Min: 0.0, Avg: 0.2, Max: 1.1, Diff: 1.1, Sum: 1.8]
         [Termination Attempts: Min: 1, Avg: 45.2, Max: 86, Diff: 85, Sum: 362]
      [GC Worker Other (ms): Min: 0.0, Avg: 0.0, Max: 0.0, Diff: 0.0, Sum: 0.2]
      [GC Worker Total (ms): Min: 5.2, Avg: 5.4, Max: 6.3, Diff: 1.1, Sum: 43.6]
      [GC Worker End (ms): Min: 1642.4, Avg: 1642.5, Max: 1643.4, Diff: 1.0]
   [Code Root Fixup: 0.1 ms]
   [Code Root Purge: 0.0 ms]
   [Clear CT: 0.3 ms]
   [Other: 7.3 ms]
      [Choose CSet: 0.0 ms]
      [Ref Proc: 6.7 ms]
      [Ref Enq: 0.0 ms]
      [Redirty Cards: 0.2 ms]
      [Humongous Register: 0.0 ms]
      [Humongous Reclaim: 0.0 ms]
      [Free CSet: 0.1 ms]
   [Eden: 52224.0K(52224.0K)->0.0B(45056.0K) Survivors: 0.0B->7168.0K Heap: 52224.0K(1024.0M)->8829.5K(1024.0M)]
 [Times: user=0.03 sys=0.01, real=0.01 secs] 
2020-10-07T09:47:45.746+0100: 2.196: [GC pause (Metadata GC Threshold) (young) (initial-mark), 0.0102130 secs]
   [Parallel Time: 5.4 ms, GC Workers: 8]
      [GC Worker Start (ms): Min: 2196.0, Avg: 2196.2, Max: 2196.4, Diff: 0.4]
      [Ext Root Scanning (ms): Min: 1.0, Avg: 1.3, Max: 1.6, Diff: 0.5, Sum: 10.2]
      [Update RS (ms): Min: 0.0, Avg: 0.0, Max: 0.3, Diff: 0.3, Sum: 0.3]
         [Processed Buffers: Min: 0, Avg: 0.2, Max: 1, Diff: 1, Sum: 2]
      [Scan RS (ms): Min: 0.0, Avg: 0.0, Max: 0.0, Diff: 0.0, Sum: 0.1]
      [Code Root Scanning (ms): Min: 0.0, Avg: 0.2, Max: 1.6, Diff: 1.6, Sum: 1.7]
      [Object Copy (ms): Min: 1.6, Avg: 3.1, Max: 3.4, Diff: 1.8, Sum: 24.6]
      [Termination (ms): Min: 0.0, Avg: 0.1, Max: 0.4, Diff: 0.4, Sum: 0.8]
         [Termination Attempts: Min: 1, Avg: 2.4, Max: 5, Diff: 4, Sum: 19]
      [GC Worker Other (ms): Min: 0.0, Avg: 0.0, Max: 0.0, Diff: 0.0, Sum: 0.2]
      [GC Worker Total (ms): Min: 4.6, Avg: 4.7, Max: 5.0, Diff: 0.5, Sum: 37.9]
      [GC Worker End (ms): Min: 2200.9, Avg: 2201.0, Max: 2201.2, Diff: 0.3]
   [Code Root Fixup: 0.1 ms]
   [Code Root Purge: 0.0 ms]
   [Clear CT: 0.4 ms]
   [Other: 4.2 ms]
      [Choose CSet: 0.0 ms]
      [Ref Proc: 3.6 ms]
      [Ref Enq: 0.0 ms]
      [Redirty Cards: 0.3 ms]
      [Humongous Register: 0.0 ms]
      [Humongous Reclaim: 0.0 ms]
      [Free CSet: 0.1 ms]
   [Eden: 27648.0K(45056.0K)->0.0B(45056.0K) Survivors: 7168.0K->7168.0K Heap: 35967.5K(1024.0M)->10966.0K(1024.0M)]
 [Times: user=0.03 sys=0.01, real=0.02 secs] 
2020-10-07T09:47:45.757+0100: 2.206: [GC concurrent-root-region-scan-start]
2020-10-07T09:47:45.762+0100: 2.212: [GC concurrent-root-region-scan-end, 0.0055046 secs]
2020-10-07T09:47:45.762+0100: 2.212: [GC concurrent-mark-start]
2020-10-07T09:47:45.763+0100: 2.212: [GC concurrent-mark-end, 0.0005516 secs]
2020-10-07T09:47:45.763+0100: 2.212: [GC remark 2020-10-07T09:47:45.763+0100: 2.212: [Finalize Marking, 0.0012115 secs] 2020-10-07T09:47:45.764+0100: 2.214: [GC ref-proc, 0.0002362 secs] 2020-10-07T09:47:45.765+0100: 2.214: [Unloading, 0.0047201 secs], 0.0066036 secs]
 [Times: user=0.04 sys=0.00, real=0.01 secs] 
2020-10-07T09:47:45.770+0100: 2.219: [GC cleanup 11644K->10620K(1024M), 0.0010515 secs]
 [Times: user=0.00 sys=0.00, real=0.00 secs] 
2020-10-07T09:47:45.771+0100: 2.220: [GC concurrent-cleanup-start]
2020-10-07T09:47:45.771+0100: 2.220: [GC concurrent-cleanup-end, 0.0000291 secs]
2020-10-07T09:47:46.613+0100: 3.062: [GC pause (G1 Evacuation Pause) (young), 0.0162639 secs]
   [Parallel Time: 9.0 ms, GC Workers: 8]
      [GC Worker Start (ms): Min: 3062.6, Avg: 3062.8, Max: 3062.9, Diff: 0.2]
      [Ext Root Scanning (ms): Min: 0.4, Avg: 1.2, Max: 3.9, Diff: 3.6, Sum: 9.3]
      [Update RS (ms): Min: 0.0, Avg: 0.2, Max: 0.6, Diff: 0.6, Sum: 1.2]
         [Processed Buffers: Min: 0, Avg: 0.5, Max: 2, Diff: 2, Sum: 4]
      [Scan RS (ms): Min: 0.0, Avg: 0.0, Max: 0.0, Diff: 0.0, Sum: 0.1]
      [Code Root Scanning (ms): Min: 0.0, Avg: 0.4, Max: 1.6, Diff: 1.6, Sum: 3.1]
      [Object Copy (ms): Min: 4.7, Avg: 6.8, Max: 7.5, Diff: 2.8, Sum: 54.2]
      [Termination (ms): Min: 0.0, Avg: 0.2, Max: 0.4, Diff: 0.4, Sum: 1.5]
         [Termination Attempts: Min: 1, Avg: 116.6, Max: 212, Diff: 211, Sum: 933]
      [GC Worker Other (ms): Min: 0.0, Avg: 0.0, Max: 0.1, Diff: 0.1, Sum: 0.2]
      [GC Worker Total (ms): Min: 8.6, Avg: 8.7, Max: 8.8, Diff: 0.2, Sum: 69.7]
      [GC Worker End (ms): Min: 3071.5, Avg: 3071.5, Max: 3071.5, Diff: 0.1]
   [Code Root Fixup: 0.1 ms]
   [Code Root Purge: 0.0 ms]
   [Clear CT: 0.5 ms]
   [Other: 6.6 ms]
      [Choose CSet: 0.0 ms]
      [Ref Proc: 5.9 ms]
      [Ref Enq: 0.0 ms]
      [Redirty Cards: 0.3 ms]
      [Humongous Register: 0.0 ms]
      [Humongous Reclaim: 0.0 ms]
      [Free CSet: 0.1 ms]
   [Eden: 45056.0K(45056.0K)->0.0B(45056.0K) Survivors: 7168.0K->7168.0K Heap: 181.7M(1024.0M)->145.1M(1024.0M)]
 [Times: user=0.09 sys=0.01, real=0.02 secs] 
2020-10-07T09:47:47.502+0100: 3.952: [GC pause (G1 Evacuation Pause) (young), 0.0161526 secs]
   [Parallel Time: 9.8 ms, GC Workers: 8]
      [GC Worker Start (ms): Min: 3951.9, Avg: 3952.9, Max: 3956.8, Diff: 4.8]
      [Ext Root Scanning (ms): Min: 0.0, Avg: 3.2, Max: 9.2, Diff: 9.2, Sum: 25.9]
      [Update RS (ms): Min: 0.0, Avg: 0.5, Max: 1.7, Diff: 1.7, Sum: 4.4]
         [Processed Buffers: Min: 0, Avg: 2.2, Max: 5, Diff: 5, Sum: 18]
      [Scan RS (ms): Min: 0.0, Avg: 0.1, Max: 0.5, Diff: 0.5, Sum: 1.0]
      [Code Root Scanning (ms): Min: 0.0, Avg: 0.1, Max: 0.5, Diff: 0.5, Sum: 0.9]
      [Object Copy (ms): Min: 0.0, Avg: 4.2, Max: 5.9, Diff: 5.9, Sum: 33.7]
      [Termination (ms): Min: 0.0, Avg: 0.5, Max: 0.6, Diff: 0.6, Sum: 3.9]
         [Termination Attempts: Min: 1, Avg: 1.0, Max: 1, Diff: 0, Sum: 8]
      [GC Worker Other (ms): Min: 0.0, Avg: 0.0, Max: 0.0, Diff: 0.0, Sum: 0.1]
      [GC Worker Total (ms): Min: 4.8, Avg: 8.7, Max: 9.7, Diff: 4.8, Sum: 69.8]
      [GC Worker End (ms): Min: 3961.6, Avg: 3961.6, Max: 3961.7, Diff: 0.1]
   [Code Root Fixup: 0.0 ms]
   [Code Root Purge: 0.1 ms]
   [Clear CT: 0.3 ms]
   [Other: 6.0 ms]
      [Choose CSet: 0.0 ms]
      [Ref Proc: 5.2 ms]
      [Ref Enq: 0.1 ms]
      [Redirty Cards: 0.3 ms]
      [Humongous Register: 0.1 ms]
      [Humongous Reclaim: 0.0 ms]
      [Free CSet: 0.1 ms]
   [Eden: 45056.0K(45056.0K)->0.0B(45056.0K) Survivors: 7168.0K->7168.0K Heap: 189.1M(1024.0M)->150.5M(1024.0M)]
 [Times: user=0.06 sys=0.00, real=0.02 secs] 
2020-10-07T09:48:14.292+0100: 30.742: [GC pause (Metadata GC Threshold) (young) (initial-mark), 0.0104118 secs]
   [Parallel Time: 8.8 ms, GC Workers: 8]
      [GC Worker Start (ms): Min: 30741.9, Avg: 30742.1, Max: 30742.2, Diff: 0.3]
      [Ext Root Scanning (ms): Min: 1.7, Avg: 1.9, Max: 2.2, Diff: 0.4, Sum: 15.2]
      [Update RS (ms): Min: 0.1, Avg: 0.5, Max: 0.8, Diff: 0.7, Sum: 3.8]
         [Processed Buffers: Min: 1, Avg: 2.8, Max: 10, Diff: 9, Sum: 22]
      [Scan RS (ms): Min: 0.0, Avg: 0.2, Max: 0.4, Diff: 0.3, Sum: 1.3]
      [Code Root Scanning (ms): Min: 0.0, Avg: 0.1, Max: 0.7, Diff: 0.7, Sum: 1.1]
      [Object Copy (ms): Min: 4.9, Avg: 5.5, Max: 5.8, Diff: 0.9, Sum: 43.8]
      [Termination (ms): Min: 0.0, Avg: 0.0, Max: 0.0, Diff: 0.0, Sum: 0.3]
         [Termination Attempts: Min: 1, Avg: 64.6, Max: 81, Diff: 80, Sum: 517]
      [GC Worker Other (ms): Min: 0.0, Avg: 0.0, Max: 0.0, Diff: 0.0, Sum: 0.2]
      [GC Worker Total (ms): Min: 8.1, Avg: 8.2, Max: 8.4, Diff: 0.3, Sum: 65.7]
      [GC Worker End (ms): Min: 30750.3, Avg: 30750.3, Max: 30750.3, Diff: 0.0]
   [Code Root Fixup: 0.1 ms]
   [Code Root Purge: 0.0 ms]
   [Clear CT: 0.2 ms]
   [Other: 1.4 ms]
      [Choose CSet: 0.0 ms]
      [Ref Proc: 0.8 ms]
      [Ref Enq: 0.0 ms]
      [Redirty Cards: 0.2 ms]
      [Humongous Register: 0.0 ms]
      [Humongous Reclaim: 0.0 ms]
      [Free CSet: 0.1 ms]
   [Eden: 10240.0K(45056.0K)->0.0B(46080.0K) Survivors: 7168.0K->6144.0K Heap: 159.6M(1024.0M)->154.5M(1024.0M)]
 [Times: user=0.06 sys=0.00, real=0.01 secs] 
2020-10-07T09:48:14.303+0100: 30.752: [GC concurrent-root-region-scan-start]
2020-10-07T09:48:14.308+0100: 30.757: [GC concurrent-root-region-scan-end, 0.0050232 secs]
2020-10-07T09:48:14.308+0100: 30.757: [GC concurrent-mark-start]
2020-10-07T09:48:14.316+0100: 30.766: [GC concurrent-mark-end, 0.0084691 secs]
2020-10-07T09:48:14.317+0100: 30.766: [GC remark 2020-10-07T09:48:14.317+0100: 30.766: [Finalize Marking, 0.0002725 secs] 2020-10-07T09:48:14.317+0100: 30.767: [GC ref-proc, 0.0002810 secs] 2020-10-07T09:48:14.317+0100: 30.767: [Unloading, 0.0070339 secs], 0.0097160 secs]
 [Times: user=0.05 sys=0.00, real=0.00 secs] 
2020-10-07T09:48:14.327+0100: 30.776: [GC cleanup 154M->146M(1024M), 0.0011637 secs]
 [Times: user=0.00 sys=0.01, real=0.01 secs] 
2020-10-07T09:48:14.328+0100: 30.778: [GC concurrent-cleanup-start]
2020-10-07T09:48:14.328+0100: 30.778: [GC concurrent-cleanup-end, 0.0000506 secs]
2020-10-07T09:49:07.045+0100: 83.495: [GC pause (G1 Evacuation Pause) (young), 0.0246878 secs]
   [Parallel Time: 12.4 ms, GC Workers: 8]
      [GC Worker Start (ms): Min: 83495.0, Avg: 83495.5, Max: 83498.5, Diff: 3.5]
      [Ext Root Scanning (ms): Min: 0.0, Avg: 1.6, Max: 5.8, Diff: 5.8, Sum: 13.1]
      [Update RS (ms): Min: 0.0, Avg: 1.1, Max: 1.9, Diff: 1.9, Sum: 8.7]
         [Processed Buffers: Min: 0, Avg: 5.2, Max: 11, Diff: 11, Sum: 42]
      [Scan RS (ms): Min: 0.0, Avg: 0.2, Max: 0.4, Diff: 0.4, Sum: 1.3]
      [Code Root Scanning (ms): Min: 0.0, Avg: 1.1, Max: 7.4, Diff: 7.4, Sum: 8.6]
      [Object Copy (ms): Min: 0.4, Avg: 6.3, Max: 7.6, Diff: 7.2, Sum: 50.0]
      [Termination (ms): Min: 0.0, Avg: 1.4, Max: 1.7, Diff: 1.7, Sum: 11.2]
         [Termination Attempts: Min: 1, Avg: 56.2, Max: 100, Diff: 99, Sum: 450]
      [GC Worker Other (ms): Min: 0.0, Avg: 0.0, Max: 0.0, Diff: 0.0, Sum: 0.1]
      [GC Worker Total (ms): Min: 8.6, Avg: 11.6, Max: 12.2, Diff: 3.5, Sum: 93.0]
      [GC Worker End (ms): Min: 83507.1, Avg: 83507.1, Max: 83507.2, Diff: 0.1]
   [Code Root Fixup: 0.1 ms]
   [Code Root Purge: 0.1 ms]
   [Clear CT: 0.2 ms]
   [Other: 11.9 ms]
      [Choose CSet: 0.0 ms]
      [Ref Proc: 11.2 ms]
      [Ref Enq: 0.1 ms]
      [Redirty Cards: 0.1 ms]
      [Humongous Register: 0.1 ms]
      [Humongous Reclaim: 0.0 ms]
      [Free CSet: 0.1 ms]
   [Eden: 46080.0K(46080.0K)->0.0B(45056.0K) Survivors: 6144.0K->7168.0K Heap: 191.5M(1024.0M)->151.5M(1024.0M)]
 [Times: user=0.16 sys=0.00, real=0.03 secs] 
2020-10-07T09:53:16.171+0100: 332.620: [GC pause (G1 Evacuation Pause) (young), 0.0089840 secs]
   [Parallel Time: 7.1 ms, GC Workers: 8]
      [GC Worker Start (ms): Min: 332620.3, Avg: 332620.4, Max: 332620.5, Diff: 0.2]
      [Ext Root Scanning (ms): Min: 0.5, Avg: 1.0, Max: 2.6, Diff: 2.1, Sum: 8.2]
      [Update RS (ms): Min: 0.0, Avg: 1.2, Max: 1.7, Diff: 1.7, Sum: 9.7]
         [Processed Buffers: Min: 0, Avg: 6.9, Max: 15, Diff: 15, Sum: 55]
      [Scan RS (ms): Min: 0.1, Avg: 0.4, Max: 0.7, Diff: 0.7, Sum: 2.8]
      [Code Root Scanning (ms): Min: 0.3, Avg: 1.1, Max: 4.1, Diff: 3.8, Sum: 8.5]
      [Object Copy (ms): Min: 0.2, Avg: 2.9, Max: 3.5, Diff: 3.4, Sum: 23.5]
      [Termination (ms): Min: 0.0, Avg: 0.3, Max: 0.4, Diff: 0.4, Sum: 2.7]
         [Termination Attempts: Min: 1, Avg: 2.8, Max: 4, Diff: 3, Sum: 22]
      [GC Worker Other (ms): Min: 0.0, Avg: 0.0, Max: 0.0, Diff: 0.0, Sum: 0.1]
      [GC Worker Total (ms): Min: 6.8, Avg: 6.9, Max: 7.0, Diff: 0.2, Sum: 55.4]
      [GC Worker End (ms): Min: 332627.3, Avg: 332627.4, Max: 332627.4, Diff: 0.0]
   [Code Root Fixup: 0.1 ms]
   [Code Root Purge: 0.1 ms]
   [Clear CT: 0.1 ms]
   [Other: 1.6 ms]
      [Choose CSet: 0.0 ms]
      [Ref Proc: 0.9 ms]
      [Ref Enq: 0.0 ms]
      [Redirty Cards: 0.1 ms]
      [Humongous Register: 0.0 ms]
      [Humongous Reclaim: 0.0 ms]
      [Free CSet: 0.2 ms]
   [Eden: 45056.0K(45056.0K)->0.0B(45056.0K) Survivors: 7168.0K->7168.0K Heap: 195.5M(1024.0M)->152.0M(1024.0M)]
 [Times: user=0.05 sys=0.01, real=0.01 secs] 
2020-10-07T10:02:26.557+0100: 883.007: [GC pause (G1 Evacuation Pause) (young), 0.0082085 secs]
   [Parallel Time: 6.8 ms, GC Workers: 8]
      [GC Worker Start (ms): Min: 883007.0, Avg: 883007.1, Max: 883007.2, Diff: 0.2]
      [Ext Root Scanning (ms): Min: 0.4, Avg: 0.7, Max: 2.0, Diff: 1.6, Sum: 5.6]
      [Update RS (ms): Min: 0.0, Avg: 0.9, Max: 1.3, Diff: 1.3, Sum: 7.3]
         [Processed Buffers: Min: 0, Avg: 5.1, Max: 19, Diff: 19, Sum: 41]
      [Scan RS (ms): Min: 0.0, Avg: 0.0, Max: 0.0, Diff: 0.0, Sum: 0.1]
      [Code Root Scanning (ms): Min: 0.0, Avg: 1.6, Max: 4.9, Diff: 4.9, Sum: 12.8]
      [Object Copy (ms): Min: 0.1, Avg: 3.3, Max: 4.9, Diff: 4.8, Sum: 26.3]
      [Termination (ms): Min: 0.0, Avg: 0.0, Max: 0.0, Diff: 0.0, Sum: 0.2]
         [Termination Attempts: Min: 1, Avg: 1.0, Max: 1, Diff: 0, Sum: 8]
      [GC Worker Other (ms): Min: 0.0, Avg: 0.0, Max: 0.1, Diff: 0.0, Sum: 0.2]
      [GC Worker Total (ms): Min: 6.4, Avg: 6.6, Max: 6.6, Diff: 0.2, Sum: 52.5]
      [GC Worker End (ms): Min: 883013.6, Avg: 883013.6, Max: 883013.7, Diff: 0.0]
   [Code Root Fixup: 0.1 ms]
   [Code Root Purge: 0.0 ms]
   [Clear CT: 0.2 ms]
   [Other: 1.1 ms]
      [Choose CSet: 0.0 ms]
      [Ref Proc: 0.5 ms]
      [Ref Enq: 0.0 ms]
      [Redirty Cards: 0.2 ms]
      [Humongous Register: 0.0 ms]
      [Humongous Reclaim: 0.0 ms]
      [Free CSet: 0.1 ms]
   [Eden: 45056.0K(45056.0K)->0.0B(48128.0K) Survivors: 7168.0K->4096.0K Heap: 196.0M(1024.0M)->152.1M(1024.0M)]
 [Times: user=0.04 sys=0.00, real=0.00 secs] 
2020-10-07T10:07:17.710+0100: 1174.159: [GC pause (G1 Evacuation Pause) (young), 0.0099037 secs]
   [Parallel Time: 8.5 ms, GC Workers: 8]
      [GC Worker Start (ms): Min: 1174159.1, Avg: 1174161.3, Max: 1174164.9, Diff: 5.8]
      [Ext Root Scanning (ms): Min: 0.0, Avg: 0.6, Max: 1.3, Diff: 1.3, Sum: 4.8]
      [Update RS (ms): Min: 0.0, Avg: 1.1, Max: 2.1, Diff: 2.1, Sum: 8.9]
         [Processed Buffers: Min: 0, Avg: 7.1, Max: 21, Diff: 21, Sum: 57]
      [Scan RS (ms): Min: 0.0, Avg: 0.2, Max: 0.5, Diff: 0.5, Sum: 1.8]
      [Code Root Scanning (ms): Min: 0.0, Avg: 0.3, Max: 0.8, Diff: 0.8, Sum: 2.4]
      [Object Copy (ms): Min: 2.4, Avg: 3.8, Max: 5.1, Diff: 2.7, Sum: 30.2]
      [Termination (ms): Min: 0.0, Avg: 0.1, Max: 0.2, Diff: 0.2, Sum: 1.2]
         [Termination Attempts: Min: 1, Avg: 1.0, Max: 1, Diff: 0, Sum: 8]
      [GC Worker Other (ms): Min: 0.0, Avg: 0.0, Max: 0.1, Diff: 0.0, Sum: 0.2]
      [GC Worker Total (ms): Min: 2.6, Avg: 6.2, Max: 8.4, Diff: 5.8, Sum: 49.5]
      [GC Worker End (ms): Min: 1174167.4, Avg: 1174167.4, Max: 1174167.5, Diff: 0.0]
   [Code Root Fixup: 0.1 ms]
   [Code Root Purge: 0.0 ms]
   [Clear CT: 0.1 ms]
   [Other: 1.2 ms]
      [Choose CSet: 0.0 ms]
      [Ref Proc: 0.4 ms]
      [Ref Enq: 0.0 ms]
      [Redirty Cards: 0.1 ms]
      [Humongous Register: 0.0 ms]
      [Humongous Reclaim: 0.0 ms]
      [Free CSet: 0.2 ms]
   [Eden: 48128.0K(48128.0K)->0.0B(47104.0K) Survivors: 4096.0K->5120.0K Heap: 199.1M(1024.0M)->153.0M(1024.0M)]
 [Times: user=0.05 sys=0.00, real=0.01 secs] 
2020-10-07T10:08:22.269+0100: 1238.718: [GC pause (G1 Evacuation Pause) (young), 0.0076776 secs]
   [Parallel Time: 6.5 ms, GC Workers: 8]
      [GC Worker Start (ms): Min: 1238718.6, Avg: 1238718.7, Max: 1238718.8, Diff: 0.2]
      [Ext Root Scanning (ms): Min: 0.5, Avg: 2.1, Max: 6.1, Diff: 5.6, Sum: 16.8]
      [Update RS (ms): Min: 0.0, Avg: 0.7, Max: 1.1, Diff: 1.1, Sum: 5.5]
         [Processed Buffers: Min: 0, Avg: 5.0, Max: 16, Diff: 16, Sum: 40]
      [Scan RS (ms): Min: 0.0, Avg: 0.0, Max: 0.0, Diff: 0.0, Sum: 0.1]
      [Code Root Scanning (ms): Min: 0.0, Avg: 0.4, Max: 2.6, Diff: 2.6, Sum: 2.8]
      [Object Copy (ms): Min: 0.0, Avg: 2.8, Max: 4.3, Diff: 4.2, Sum: 22.7]
      [Termination (ms): Min: 0.0, Avg: 0.2, Max: 0.2, Diff: 0.2, Sum: 1.4]
         [Termination Attempts: Min: 1, Avg: 1.1, Max: 2, Diff: 1, Sum: 9]
      [GC Worker Other (ms): Min: 0.0, Avg: 0.0, Max: 0.0, Diff: 0.0, Sum: 0.1]
      [GC Worker Total (ms): Min: 6.1, Avg: 6.2, Max: 6.3, Diff: 0.2, Sum: 49.4]
      [GC Worker End (ms): Min: 1238724.9, Avg: 1238724.9, Max: 1238724.9, Diff: 0.0]
   [Code Root Fixup: 0.1 ms]
   [Code Root Purge: 0.0 ms]
   [Clear CT: 0.2 ms]
   [Other: 0.9 ms]
      [Choose CSet: 0.0 ms]
      [Ref Proc: 0.4 ms]
      [Ref Enq: 0.0 ms]
      [Redirty Cards: 0.2 ms]
      [Humongous Register: 0.0 ms]
      [Humongous Reclaim: 0.0 ms]
      [Free CSet: 0.1 ms]
   [Eden: 47104.0K(47104.0K)->0.0B(68608.0K) Survivors: 5120.0K->7168.0K Heap: 199.0M(1024.0M)->155.7M(1024.0M)]
 [Times: user=0.02 sys=0.02, real=0.01 secs] 
2020-10-07T10:09:27.584+0100: 1304.034: [GC pause (G1 Evacuation Pause) (young), 0.0242411 secs]
   [Parallel Time: 16.2 ms, GC Workers: 8]
      [GC Worker Start (ms): Min: 1304033.8, Avg: 1304034.9, Max: 1304040.8, Diff: 7.0]
      [Ext Root Scanning (ms): Min: 0.0, Avg: 0.6, Max: 1.8, Diff: 1.7, Sum: 4.6]
      [Update RS (ms): Min: 0.0, Avg: 0.7, Max: 1.2, Diff: 1.2, Sum: 5.5]
         [Processed Buffers: Min: 0, Avg: 5.6, Max: 19, Diff: 19, Sum: 45]
      [Scan RS (ms): Min: 0.0, Avg: 0.0, Max: 0.0, Diff: 0.0, Sum: 0.1]
      [Code Root Scanning (ms): Min: 0.0, Avg: 1.4, Max: 8.0, Diff: 8.0, Sum: 10.9]
      [Object Copy (ms): Min: 0.1, Avg: 6.4, Max: 12.6, Diff: 12.6, Sum: 51.5]
      [Termination (ms): Min: 0.0, Avg: 4.4, Max: 5.1, Diff: 5.1, Sum: 35.2]
         [Termination Attempts: Min: 1, Avg: 1.2, Max: 2, Diff: 1, Sum: 10]
      [GC Worker Other (ms): Min: 0.0, Avg: 0.0, Max: 0.1, Diff: 0.0, Sum: 0.2]
      [GC Worker Total (ms): Min: 7.6, Avg: 13.5, Max: 14.8, Diff: 7.1, Sum: 108.0]
      [GC Worker End (ms): Min: 1304048.4, Avg: 1304048.4, Max: 1304048.5, Diff: 0.1]
   [Code Root Fixup: 0.1 ms]
   [Code Root Purge: 0.1 ms]
   [Clear CT: 0.1 ms]
   [Other: 7.7 ms]
      [Choose CSet: 0.0 ms]
      [Ref Proc: 7.0 ms]
      [Ref Enq: 0.0 ms]
      [Redirty Cards: 0.1 ms]
      [Humongous Register: 0.1 ms]
      [Humongous Reclaim: 0.0 ms]
      [Free CSet: 0.2 ms]
   [Eden: 68608.0K(68608.0K)->0.0B(52224.0K) Survivors: 7168.0K->10240.0K Heap: 222.7M(1024.0M)->158.7M(1024.0M)]
 [Times: user=0.11 sys=0.00, real=0.03 secs] 
2020-10-07T10:09:31.262+0100: 1307.712: [GC pause (G1 Evacuation Pause) (young), 0.0188135 secs]
   [Parallel Time: 15.5 ms, GC Workers: 8]
      [GC Worker Start (ms): Min: 1307712.1, Avg: 1307715.1, Max: 1307719.9, Diff: 7.8]
      [Ext Root Scanning (ms): Min: 0.0, Avg: 0.8, Max: 2.6, Diff: 2.6, Sum: 6.5]
      [Update RS (ms): Min: 0.0, Avg: 0.9, Max: 1.9, Diff: 1.9, Sum: 7.2]
         [Processed Buffers: Min: 0, Avg: 3.6, Max: 12, Diff: 12, Sum: 29]
      [Scan RS (ms): Min: 0.0, Avg: 0.0, Max: 0.1, Diff: 0.1, Sum: 0.2]
      [Code Root Scanning (ms): Min: 0.0, Avg: 0.6, Max: 1.6, Diff: 1.6, Sum: 4.7]
      [Object Copy (ms): Min: 5.4, Avg: 8.2, Max: 11.5, Diff: 6.2, Sum: 65.2]
      [Termination (ms): Min: 0.0, Avg: 1.2, Max: 2.2, Diff: 2.1, Sum: 9.8]
         [Termination Attempts: Min: 1, Avg: 1.4, Max: 2, Diff: 1, Sum: 11]
      [GC Worker Other (ms): Min: 0.0, Avg: 0.0, Max: 0.1, Diff: 0.0, Sum: 0.3]
      [GC Worker Total (ms): Min: 6.6, Avg: 11.7, Max: 15.3, Diff: 8.7, Sum: 93.9]
      [GC Worker End (ms): Min: 1307726.5, Avg: 1307726.8, Max: 1307727.5, Diff: 0.9]
   [Code Root Fixup: 0.1 ms]
   [Code Root Purge: 0.0 ms]
   [Clear CT: 0.1 ms]
   [Other: 3.0 ms]
      [Choose CSet: 0.0 ms]
      [Ref Proc: 2.3 ms]
      [Ref Enq: 0.0 ms]
      [Redirty Cards: 0.1 ms]
      [Humongous Register: 0.1 ms]
      [Humongous Reclaim: 0.0 ms]
      [Free CSet: 0.1 ms]
   [Eden: 52224.0K(52224.0K)->0.0B(63488.0K) Survivors: 10240.0K->7168.0K Heap: 209.7M(1024.0M)->157.9M(1024.0M)]
 [Times: user=0.10 sys=0.00, real=0.02 secs] 
2020-10-07T10:10:20.383+0100: 1356.832: [GC pause (G1 Evacuation Pause) (young), 0.0142541 secs]
   [Parallel Time: 12.9 ms, GC Workers: 8]
      [GC Worker Start (ms): Min: 1356832.4, Avg: 1356834.2, Max: 1356844.7, Diff: 12.3]
      [Ext Root Scanning (ms): Min: 0.0, Avg: 0.7, Max: 2.2, Diff: 2.2, Sum: 5.9]
      [Update RS (ms): Min: 0.0, Avg: 3.4, Max: 8.2, Diff: 8.2, Sum: 27.5]
         [Processed Buffers: Min: 0, Avg: 7.4, Max: 19, Diff: 19, Sum: 59]
      [Scan RS (ms): Min: 0.0, Avg: 0.3, Max: 0.6, Diff: 0.6, Sum: 2.5]
      [Code Root Scanning (ms): Min: 0.0, Avg: 0.1, Max: 0.3, Diff: 0.3, Sum: 0.6]
      [Object Copy (ms): Min: 0.0, Avg: 5.8, Max: 8.3, Diff: 8.3, Sum: 46.7]
      [Termination (ms): Min: 0.0, Avg: 0.5, Max: 0.6, Diff: 0.6, Sum: 4.3]
         [Termination Attempts: Min: 1, Avg: 5.1, Max: 9, Diff: 8, Sum: 41]
      [GC Worker Other (ms): Min: 0.0, Avg: 0.0, Max: 0.0, Diff: 0.0, Sum: 0.1]
      [GC Worker Total (ms): Min: 0.5, Avg: 11.0, Max: 12.8, Diff: 12.3, Sum: 87.8]
      [GC Worker End (ms): Min: 1356845.2, Avg: 1356845.2, Max: 1356845.2, Diff: 0.0]
   [Code Root Fixup: 0.0 ms]
   [Code Root Purge: 0.0 ms]
   [Clear CT: 0.1 ms]
   [Other: 1.2 ms]
      [Choose CSet: 0.0 ms]
      [Ref Proc: 0.7 ms]
      [Ref Enq: 0.0 ms]
      [Redirty Cards: 0.1 ms]
      [Humongous Register: 0.1 ms]
      [Humongous Reclaim: 0.0 ms]
      [Free CSet: 0.1 ms]
   [Eden: 45056.0K(45056.0K)->0.0B(93184.0K) Survivors: 7168.0K->5120.0K Heap: 201.9M(1024.0M)->160.7M(1024.0M)]
 [Times: user=0.07 sys=0.00, real=0.02 secs] 
2020-10-07T10:10:23.482+0100: 1359.931: [GC pause (G1 Evacuation Pause) (young), 0.0171858 secs]
   [Parallel Time: 10.5 ms, GC Workers: 8]
      [GC Worker Start (ms): Min: 1359931.6, Avg: 1359934.1, Max: 1359940.8, Diff: 9.3]
      [Ext Root Scanning (ms): Min: 0.0, Avg: 0.6, Max: 1.7, Diff: 1.7, Sum: 4.9]
      [Update RS (ms): Min: 0.0, Avg: 2.1, Max: 3.6, Diff: 3.6, Sum: 16.7]
         [Processed Buffers: Min: 0, Avg: 6.2, Max: 16, Diff: 16, Sum: 50]
      [Scan RS (ms): Min: 0.0, Avg: 0.6, Max: 1.1, Diff: 1.1, Sum: 4.6]
      [Code Root Scanning (ms): Min: 0.0, Avg: 0.0, Max: 0.1, Diff: 0.1, Sum: 0.1]
      [Object Copy (ms): Min: 1.0, Avg: 4.5, Max: 5.1, Diff: 4.1, Sum: 35.7]
      [Termination (ms): Min: 0.0, Avg: 0.0, Max: 0.0, Diff: 0.0, Sum: 0.1]
         [Termination Attempts: Min: 1, Avg: 30.9, Max: 39, Diff: 38, Sum: 247]
      [GC Worker Other (ms): Min: 0.0, Avg: 0.1, Max: 0.1, Diff: 0.1, Sum: 0.5]
      [GC Worker Total (ms): Min: 1.1, Avg: 7.8, Max: 10.4, Diff: 9.2, Sum: 62.7]
      [GC Worker End (ms): Min: 1359941.9, Avg: 1359941.9, Max: 1359942.0, Diff: 0.1]
   [Code Root Fixup: 0.0 ms]
   [Code Root Purge: 0.0 ms]
   [Clear CT: 0.2 ms]
   [Other: 6.5 ms]
      [Choose CSet: 0.0 ms]
      [Ref Proc: 6.0 ms]
      [Ref Enq: 0.0 ms]
      [Redirty Cards: 0.1 ms]
      [Humongous Register: 0.1 ms]
      [Humongous Reclaim: 0.0 ms]
      [Free CSet: 0.1 ms]
   [Eden: 47104.0K(47104.0K)->0.0B(76800.0K) Survivors: 5120.0K->7168.0K Heap: 206.7M(1024.0M)->162.0M(1024.0M)]
 [Times: user=0.08 sys=0.00, real=0.02 secs] 
2020-10-07T10:10:26.018+0100: 1362.467: [GC pause (G1 Evacuation Pause) (young), 0.0135537 secs]
   [Parallel Time: 10.5 ms, GC Workers: 8]
      [GC Worker Start (ms): Min: 1362467.1, Avg: 1362468.5, Max: 1362472.8, Diff: 5.8]
      [Ext Root Scanning (ms): Min: 0.0, Avg: 0.6, Max: 1.8, Diff: 1.8, Sum: 5.2]
      [Update RS (ms): Min: 0.0, Avg: 1.5, Max: 2.6, Diff: 2.6, Sum: 12.0]
         [Processed Buffers: Min: 0, Avg: 4.9, Max: 11, Diff: 11, Sum: 39]
      [Scan RS (ms): Min: 0.0, Avg: 0.3, Max: 0.6, Diff: 0.6, Sum: 2.6]
      [Code Root Scanning (ms): Min: 0.0, Avg: 0.0, Max: 0.1, Diff: 0.1, Sum: 0.1]
      [Object Copy (ms): Min: 4.4, Avg: 6.3, Max: 7.0, Diff: 2.6, Sum: 50.0]
      [Termination (ms): Min: 0.0, Avg: 0.1, Max: 0.1, Diff: 0.1, Sum: 0.7]
         [Termination Attempts: Min: 1, Avg: 30.4, Max: 43, Diff: 42, Sum: 243]
      [GC Worker Other (ms): Min: 0.0, Avg: 0.0, Max: 0.0, Diff: 0.0, Sum: 0.1]
      [GC Worker Total (ms): Min: 4.5, Avg: 8.9, Max: 10.3, Diff: 5.8, Sum: 70.9]
      [GC Worker End (ms): Min: 1362477.4, Avg: 1362477.4, Max: 1362477.4, Diff: 0.0]
   [Code Root Fixup: 0.0 ms]
   [Code Root Purge: 0.0 ms]
   [Clear CT: 0.1 ms]
   [Other: 3.0 ms]
      [Choose CSet: 0.0 ms]
      [Ref Proc: 2.5 ms]
      [Ref Enq: 0.0 ms]
      [Redirty Cards: 0.1 ms]
      [Humongous Register: 0.1 ms]
      [Humongous Reclaim: 0.0 ms]
      [Free CSet: 0.1 ms]
   [Eden: 45056.0K(45056.0K)->0.0B(125.0M) Survivors: 7168.0K->7168.0K Heap: 206.0M(1024.0M)->164.0M(1024.0M)]
 [Times: user=0.09 sys=0.00, real=0.01 secs] 
2020-10-07T10:10:28.692+0100: 1365.142: [GC pause (G1 Evacuation Pause) (young), 0.0124686 secs]
   [Parallel Time: 11.1 ms, GC Workers: 8]
      [GC Worker Start (ms): Min: 1365141.8, Avg: 1365142.7, Max: 1365148.8, Diff: 7.1]
      [Ext Root Scanning (ms): Min: 0.0, Avg: 0.6, Max: 1.6, Diff: 1.5, Sum: 5.0]
      [Update RS (ms): Min: 0.0, Avg: 1.7, Max: 2.6, Diff: 2.6, Sum: 13.8]
         [Processed Buffers: Min: 0, Avg: 5.6, Max: 12, Diff: 12, Sum: 45]
      [Scan RS (ms): Min: 0.0, Avg: 0.7, Max: 1.1, Diff: 1.1, Sum: 5.3]
      [Code Root Scanning (ms): Min: 0.0, Avg: 0.0, Max: 0.1, Diff: 0.1, Sum: 0.1]
      [Object Copy (ms): Min: 1.3, Avg: 4.7, Max: 6.8, Diff: 5.5, Sum: 37.6]
      [Termination (ms): Min: 0.0, Avg: 1.7, Max: 2.6, Diff: 2.6, Sum: 13.8]
         [Termination Attempts: Min: 1, Avg: 2.8, Max: 6, Diff: 5, Sum: 22]
      [GC Worker Other (ms): Min: 0.0, Avg: 0.0, Max: 0.0, Diff: 0.0, Sum: 0.2]
      [GC Worker Total (ms): Min: 3.2, Avg: 9.5, Max: 10.9, Diff: 7.7, Sum: 75.8]
      [GC Worker End (ms): Min: 1365152.1, Avg: 1365152.2, Max: 1365152.8, Diff: 0.7]
   [Code Root Fixup: 0.0 ms]
   [Code Root Purge: 0.0 ms]
   [Clear CT: 0.4 ms]
   [Other: 1.0 ms]
      [Choose CSet: 0.0 ms]
      [Ref Proc: 0.5 ms]
      [Ref Enq: 0.0 ms]
      [Redirty Cards: 0.1 ms]
      [Humongous Register: 0.1 ms]
      [Humongous Reclaim: 0.0 ms]
      [Free CSet: 0.1 ms]
   [Eden: 45056.0K(45056.0K)->0.0B(195.0M) Survivors: 7168.0K->7168.0K Heap: 208.0M(1024.0M)->164.7M(1024.0M)]
 [Times: user=0.07 sys=0.01, real=0.01 secs] 
2020-10-07T10:10:36.066+0100: 1372.515: [GC pause (G1 Evacuation Pause) (young), 0.0122588 secs]
   [Parallel Time: 11.2 ms, GC Workers: 8]
      [GC Worker Start (ms): Min: 1372515.5, Avg: 1372516.9, Max: 1372520.8, Diff: 5.3]
      [Ext Root Scanning (ms): Min: 0.0, Avg: 0.6, Max: 1.3, Diff: 1.3, Sum: 5.1]
      [Update RS (ms): Min: 0.0, Avg: 1.4, Max: 2.2, Diff: 2.2, Sum: 11.0]
         [Processed Buffers: Min: 0, Avg: 5.5, Max: 15, Diff: 15, Sum: 44]
      [Scan RS (ms): Min: 0.0, Avg: 0.6, Max: 0.9, Diff: 0.9, Sum: 4.7]
      [Code Root Scanning (ms): Min: 0.0, Avg: 0.0, Max: 0.1, Diff: 0.1, Sum: 0.1]
      [Object Copy (ms): Min: 5.5, Avg: 6.9, Max: 7.4, Diff: 2.0, Sum: 55.0]
      [Termination (ms): Min: 0.0, Avg: 0.1, Max: 0.1, Diff: 0.1, Sum: 0.7]
         [Termination Attempts: Min: 1, Avg: 22.4, Max: 36, Diff: 35, Sum: 179]
      [GC Worker Other (ms): Min: 0.0, Avg: 0.0, Max: 0.0, Diff: 0.0, Sum: 0.2]
      [GC Worker Total (ms): Min: 5.7, Avg: 9.6, Max: 11.0, Diff: 5.3, Sum: 76.8]
      [GC Worker End (ms): Min: 1372526.4, Avg: 1372526.5, Max: 1372526.5, Diff: 0.0]
   [Code Root Fixup: 0.0 ms]
   [Code Root Purge: 0.0 ms]
   [Clear CT: 0.1 ms]
   [Other: 0.9 ms]
      [Choose CSet: 0.0 ms]
      [Ref Proc: 0.4 ms]
      [Ref Enq: 0.0 ms]
      [Redirty Cards: 0.1 ms]
      [Humongous Register: 0.1 ms]
      [Humongous Reclaim: 0.0 ms]
      [Free CSet: 0.1 ms]
   [Eden: 74752.0K(74752.0K)->0.0B(213.0M) Survivors: 7168.0K->7168.0K Heap: 237.7M(1024.0M)->164.7M(1024.0M)]
 [Times: user=0.06 sys=0.01, real=0.02 secs] 
2020-10-07T10:11:00.433+0100: 1396.882: [GC pause (G1 Evacuation Pause) (young), 0.0161866 secs]
   [Parallel Time: 15.2 ms, GC Workers: 8]
      [GC Worker Start (ms): Min: 1396882.4, Avg: 1396882.6, Max: 1396883.4, Diff: 1.0]
      [Ext Root Scanning (ms): Min: 0.0, Avg: 0.7, Max: 1.7, Diff: 1.7, Sum: 5.2]
      [Update RS (ms): Min: 1.1, Avg: 2.9, Max: 9.8, Diff: 8.7, Sum: 23.4]
         [Processed Buffers: Min: 0, Avg: 6.1, Max: 14, Diff: 14, Sum: 49]
      [Scan RS (ms): Min: 0.0, Avg: 0.5, Max: 0.7, Diff: 0.6, Sum: 4.2]
      [Code Root Scanning (ms): Min: 0.0, Avg: 0.0, Max: 0.1, Diff: 0.1, Sum: 0.1]
      [Object Copy (ms): Min: 0.8, Avg: 7.5, Max: 11.6, Diff: 10.7, Sum: 59.8]
      [Termination (ms): Min: 0.0, Avg: 3.3, Max: 3.8, Diff: 3.8, Sum: 26.4]
         [Termination Attempts: Min: 1, Avg: 1.5, Max: 2, Diff: 1, Sum: 12]
      [GC Worker Other (ms): Min: 0.0, Avg: 0.0, Max: 0.0, Diff: 0.0, Sum: 0.2]
      [GC Worker Total (ms): Min: 14.1, Avg: 14.9, Max: 15.1, Diff: 1.0, Sum: 119.4]
      [GC Worker End (ms): Min: 1396897.5, Avg: 1396897.5, Max: 1396897.5, Diff: 0.0]
   [Code Root Fixup: 0.0 ms]
   [Code Root Purge: 0.0 ms]
   [Clear CT: 0.2 ms]
   [Other: 0.8 ms]
      [Choose CSet: 0.0 ms]
      [Ref Proc: 0.2 ms]
      [Ref Enq: 0.0 ms]
      [Redirty Cards: 0.1 ms]
      [Humongous Register: 0.1 ms]
      [Humongous Reclaim: 0.0 ms]
      [Free CSet: 0.2 ms]
   [Eden: 213.0M(213.0M)->0.0B(370.0M) Survivors: 7168.0K->8192.0K Heap: 377.7M(1024.0M)->165.7M(1024.0M)]
 [Times: user=0.10 sys=0.00, real=0.02 secs] 
2020-10-07T10:28:40.354+0100: 2456.803: [GC pause (G1 Evacuation Pause) (young), 0.0288340 secs]
   [Parallel Time: 24.8 ms, GC Workers: 8]
      [GC Worker Start (ms): Min: 2456803.5, Avg: 2456806.4, Max: 2456818.2, Diff: 14.7]
      [Ext Root Scanning (ms): Min: 0.0, Avg: 2.1, Max: 10.3, Diff: 10.3, Sum: 16.9]
      [Update RS (ms): Min: 0.0, Avg: 1.2, Max: 2.6, Diff: 2.6, Sum: 9.8]
         [Processed Buffers: Min: 0, Avg: 6.8, Max: 22, Diff: 22, Sum: 54]
      [Scan RS (ms): Min: 0.0, Avg: 0.7, Max: 1.2, Diff: 1.2, Sum: 5.5]
      [Code Root Scanning (ms): Min: 0.0, Avg: 0.0, Max: 0.1, Diff: 0.1, Sum: 0.1]
      [Object Copy (ms): Min: 8.2, Avg: 16.2, Max: 19.2, Diff: 11.0, Sum: 130.0]
      [Termination (ms): Min: 0.0, Avg: 0.7, Max: 1.3, Diff: 1.3, Sum: 5.5]
         [Termination Attempts: Min: 1, Avg: 3.6, Max: 8, Diff: 7, Sum: 29]
      [GC Worker Other (ms): Min: 0.0, Avg: 0.0, Max: 0.1, Diff: 0.1, Sum: 0.3]
      [GC Worker Total (ms): Min: 9.1, Avg: 21.0, Max: 24.4, Diff: 15.3, Sum: 168.1]
      [GC Worker End (ms): Min: 2456827.2, Avg: 2456827.4, Max: 2456827.9, Diff: 0.7]
   [Code Root Fixup: 0.0 ms]
   [Code Root Purge: 0.0 ms]
   [Clear CT: 0.2 ms]
   [Other: 3.8 ms]
      [Choose CSet: 0.0 ms]
      [Ref Proc: 3.0 ms]
      [Ref Enq: 0.0 ms]
      [Redirty Cards: 0.1 ms]
      [Humongous Register: 0.1 ms]
      [Humongous Reclaim: 0.0 ms]
      [Free CSet: 0.2 ms]
   [Eden: 250.0M(250.0M)->0.0B(118.0M) Survivors: 8192.0K->12288.0K Heap: 415.7M(1024.0M)->169.7M(1024.0M)]
 [Times: user=0.12 sys=0.00, real=0.03 secs] 
2020-10-07T10:28:54.175+0100: 2470.624: [GC pause (G1 Evacuation Pause) (young), 0.0203505 secs]
   [Parallel Time: 16.8 ms, GC Workers: 8]
      [GC Worker Start (ms): Min: 2470626.1, Avg: 2470626.2, Max: 2470626.5, Diff: 0.4]
      [Ext Root Scanning (ms): Min: 0.6, Avg: 1.1, Max: 2.7, Diff: 2.1, Sum: 8.7]
      [Update RS (ms): Min: 0.6, Avg: 2.9, Max: 9.6, Diff: 9.0, Sum: 23.6]
         [Processed Buffers: Min: 0, Avg: 6.8, Max: 17, Diff: 17, Sum: 54]
      [Scan RS (ms): Min: 0.0, Avg: 0.5, Max: 0.7, Diff: 0.7, Sum: 4.1]
      [Code Root Scanning (ms): Min: 0.0, Avg: 0.0, Max: 0.1, Diff: 0.1, Sum: 0.1]
      [Object Copy (ms): Min: 3.5, Avg: 9.7, Max: 13.0, Diff: 9.5, Sum: 77.6]
      [Termination (ms): Min: 0.0, Avg: 2.2, Max: 2.6, Diff: 2.6, Sum: 17.8]
         [Termination Attempts: Min: 1, Avg: 9.6, Max: 15, Diff: 14, Sum: 77]
      [GC Worker Other (ms): Min: 0.0, Avg: 0.0, Max: 0.1, Diff: 0.1, Sum: 0.4]
      [GC Worker Total (ms): Min: 16.2, Avg: 16.5, Max: 16.7, Diff: 0.5, Sum: 132.2]
      [GC Worker End (ms): Min: 2470642.7, Avg: 2470642.8, Max: 2470642.8, Diff: 0.1]
   [Code Root Fixup: 0.0 ms]
   [Code Root Purge: 0.0 ms]
   [Clear CT: 0.2 ms]
   [Other: 3.3 ms]
      [Choose CSet: 0.0 ms]
      [Ref Proc: 0.8 ms]
      [Ref Enq: 0.0 ms]
      [Redirty Cards: 0.1 ms]
      [Humongous Register: 0.4 ms]
      [Humongous Reclaim: 0.0 ms]
      [Free CSet: 0.1 ms]
   [Eden: 118.0M(118.0M)->0.0B(114.0M) Survivors: 12288.0K->11264.0K Heap: 287.7M(1024.0M)->169.7M(1024.0M)]
 [Times: user=0.12 sys=0.00, real=0.03 secs] 
2020-10-07T10:28:58.537+0100: 2474.986: [GC pause (G1 Evacuation Pause) (young), 0.0155161 secs]
   [Parallel Time: 14.6 ms, GC Workers: 8]
      [GC Worker Start (ms): Min: 2474986.5, Avg: 2474986.8, Max: 2474988.8, Diff: 2.3]
      [Ext Root Scanning (ms): Min: 0.0, Avg: 0.6, Max: 1.5, Diff: 1.5, Sum: 5.0]
      [Update RS (ms): Min: 0.0, Avg: 1.7, Max: 4.7, Diff: 4.7, Sum: 13.8]
         [Processed Buffers: Min: 0, Avg: 5.0, Max: 19, Diff: 19, Sum: 40]
      [Scan RS (ms): Min: 0.0, Avg: 0.9, Max: 1.1, Diff: 1.1, Sum: 7.3]
      [Code Root Scanning (ms): Min: 0.0, Avg: 0.0, Max: 0.0, Diff: 0.0, Sum: 0.0]
      [Object Copy (ms): Min: 7.5, Avg: 10.1, Max: 10.6, Diff: 3.1, Sum: 80.9]
      [Termination (ms): Min: 0.0, Avg: 0.2, Max: 0.8, Diff: 0.8, Sum: 1.6]
         [Termination Attempts: Min: 1, Avg: 3.0, Max: 5, Diff: 4, Sum: 24]
      [GC Worker Other (ms): Min: 0.0, Avg: 0.0, Max: 0.0, Diff: 0.0, Sum: 0.1]
      [GC Worker Total (ms): Min: 12.2, Avg: 13.6, Max: 14.0, Diff: 1.8, Sum: 108.8]
      [GC Worker End (ms): Min: 2475000.3, Avg: 2475000.4, Max: 2475001.0, Diff: 0.7]
   [Code Root Fixup: 0.0 ms]
   [Code Root Purge: 0.0 ms]
   [Clear CT: 0.1 ms]
   [Other: 0.8 ms]
      [Choose CSet: 0.0 ms]
      [Ref Proc: 0.3 ms]
      [Ref Enq: 0.0 ms]
      [Redirty Cards: 0.1 ms]
      [Humongous Register: 0.1 ms]
      [Humongous Reclaim: 0.0 ms]
      [Free CSet: 0.1 ms]
   [Eden: 40960.0K(40960.0K)->0.0B(609.0M) Survivors: 11264.0K->5120.0K Heap: 209.7M(1024.0M)->172.3M(1024.0M)]
 [Times: user=0.10 sys=0.00, real=0.01 secs] 
2020-10-07T10:30:05.914+0100: 2542.363: [GC pause (G1 Evacuation Pause) (young), 0.0103113 secs]
   [Parallel Time: 8.0 ms, GC Workers: 8]
      [GC Worker Start (ms): Min: 2542364.0, Avg: 2542364.1, Max: 2542364.2, Diff: 0.1]
      [Ext Root Scanning (ms): Min: 0.5, Avg: 0.8, Max: 1.4, Diff: 0.9, Sum: 6.7]
      [Update RS (ms): Min: 1.8, Avg: 2.6, Max: 5.1, Diff: 3.3, Sum: 21.0]
         [Processed Buffers: Min: 1, Avg: 7.1, Max: 17, Diff: 16, Sum: 57]
      [Scan RS (ms): Min: 0.0, Avg: 0.5, Max: 0.8, Diff: 0.8, Sum: 4.2]
      [Code Root Scanning (ms): Min: 0.0, Avg: 0.0, Max: 0.0, Diff: 0.0, Sum: 0.1]
      [Object Copy (ms): Min: 2.0, Avg: 3.7, Max: 4.1, Diff: 2.1, Sum: 29.8]
      [Termination (ms): Min: 0.0, Avg: 0.1, Max: 0.1, Diff: 0.1, Sum: 0.7]
         [Termination Attempts: Min: 1, Avg: 4.6, Max: 8, Diff: 7, Sum: 37]
      [GC Worker Other (ms): Min: 0.0, Avg: 0.0, Max: 0.1, Diff: 0.0, Sum: 0.3]
      [GC Worker Total (ms): Min: 7.8, Avg: 7.8, Max: 7.9, Diff: 0.2, Sum: 62.8]
      [GC Worker End (ms): Min: 2542371.9, Avg: 2542371.9, Max: 2542372.0, Diff: 0.0]
   [Code Root Fixup: 0.0 ms]
   [Code Root Purge: 0.0 ms]
   [Clear CT: 0.4 ms]
   [Other: 1.9 ms]
      [Choose CSet: 0.0 ms]
      [Ref Proc: 0.4 ms]
      [Ref Enq: 0.0 ms]
      [Redirty Cards: 0.1 ms]
      [Humongous Register: 0.0 ms]
      [Humongous Reclaim: 0.0 ms]
      [Free CSet: 0.6 ms]
   [Eden: 609.0M(609.0M)->0.0B(609.0M) Survivors: 5120.0K->5120.0K Heap: 781.3M(1024.0M)->172.1M(1024.0M)]
 [Times: user=0.06 sys=0.00, real=0.01 secs] 
2020-10-07T10:31:15.327+0100: 2611.776: [GC pause (G1 Evacuation Pause) (young), 0.0207842 secs]
   [Parallel Time: 16.8 ms, GC Workers: 8]
      [GC Worker Start (ms): Min: 2611776.6, Avg: 2611781.3, Max: 2611783.4, Diff: 6.8]
      [Ext Root Scanning (ms): Min: 0.0, Avg: 1.8, Max: 13.5, Diff: 13.5, Sum: 14.6]
      [Update RS (ms): Min: 0.0, Avg: 0.8, Max: 1.6, Diff: 1.6, Sum: 6.3]
         [Processed Buffers: Min: 0, Avg: 5.8, Max: 18, Diff: 18, Sum: 46]
      [Scan RS (ms): Min: 0.0, Avg: 0.1, Max: 0.2, Diff: 0.2, Sum: 0.7]
      [Code Root Scanning (ms): Min: 0.0, Avg: 0.0, Max: 0.0, Diff: 0.0, Sum: 0.0]
      [Object Copy (ms): Min: 0.3, Avg: 6.4, Max: 7.7, Diff: 7.5, Sum: 51.2]
      [Termination (ms): Min: 0.0, Avg: 0.6, Max: 2.9, Diff: 2.9, Sum: 4.6]
         [Termination Attempts: Min: 1, Avg: 1.8, Max: 4, Diff: 3, Sum: 14]
      [GC Worker Other (ms): Min: 0.0, Avg: 0.0, Max: 0.0, Diff: 0.0, Sum: 0.3]
      [GC Worker Total (ms): Min: 7.3, Avg: 9.7, Max: 14.1, Diff: 6.8, Sum: 77.7]
      [GC Worker End (ms): Min: 2611790.7, Avg: 2611791.0, Max: 2611793.2, Diff: 2.6]
   [Code Root Fixup: 0.0 ms]
   [Code Root Purge: 0.0 ms]
   [Clear CT: 0.4 ms]
   [Other: 3.6 ms]
      [Choose CSet: 0.0 ms]
      [Ref Proc: 2.0 ms]
      [Ref Enq: 0.0 ms]
      [Redirty Cards: 0.2 ms]
      [Humongous Register: 0.1 ms]
      [Humongous Reclaim: 0.1 ms]
      [Free CSet: 0.9 ms]
   [Eden: 609.0M(609.0M)->0.0B(609.0M) Survivors: 5120.0K->5120.0K Heap: 781.1M(1024.0M)->172.7M(1024.0M)]
 [Times: user=0.05 sys=0.00, real=0.03 secs] 
2020-10-07T10:32:21.835+0100: 2678.284: [GC pause (G1 Evacuation Pause) (young), 0.0113858 secs]
   [Parallel Time: 8.7 ms, GC Workers: 8]
      [GC Worker Start (ms): Min: 2678284.1, Avg: 2678285.1, Max: 2678291.9, Diff: 7.8]
      [Ext Root Scanning (ms): Min: 0.0, Avg: 0.6, Max: 1.6, Diff: 1.6, Sum: 5.2]
      [Update RS (ms): Min: 0.0, Avg: 0.9, Max: 1.4, Diff: 1.4, Sum: 7.3]
         [Processed Buffers: Min: 0, Avg: 5.5, Max: 12, Diff: 12, Sum: 44]
      [Scan RS (ms): Min: 0.0, Avg: 0.1, Max: 0.2, Diff: 0.2, Sum: 0.9]
      [Code Root Scanning (ms): Min: 0.0, Avg: 0.0, Max: 0.1, Diff: 0.1, Sum: 0.1]
      [Object Copy (ms): Min: 0.0, Avg: 4.9, Max: 5.7, Diff: 5.7, Sum: 39.5]
      [Termination (ms): Min: 0.0, Avg: 0.4, Max: 1.0, Diff: 1.0, Sum: 3.1]
         [Termination Attempts: Min: 1, Avg: 3.2, Max: 5, Diff: 4, Sum: 26]
      [GC Worker Other (ms): Min: 0.0, Avg: 0.0, Max: 0.1, Diff: 0.1, Sum: 0.4]
      [GC Worker Total (ms): Min: 0.2, Avg: 7.1, Max: 8.5, Diff: 8.4, Sum: 56.5]
      [GC Worker End (ms): Min: 2678292.1, Avg: 2678292.2, Max: 2678292.7, Diff: 0.6]
   [Code Root Fixup: 0.1 ms]
   [Code Root Purge: 0.0 ms]
   [Clear CT: 0.6 ms]
   [Other: 2.0 ms]
      [Choose CSet: 0.0 ms]
      [Ref Proc: 0.8 ms]
      [Ref Enq: 0.0 ms]
      [Redirty Cards: 0.1 ms]
      [Humongous Register: 0.1 ms]
      [Humongous Reclaim: 0.0 ms]
      [Free CSet: 0.7 ms]
   [Eden: 609.0M(609.0M)->0.0B(608.0M) Survivors: 5120.0K->6144.0K Heap: 781.7M(1024.0M)->173.2M(1024.0M)]
 [Times: user=0.06 sys=0.00, real=0.01 secs] 
2020-10-07T10:33:28.063+0100: 2744.513: [GC pause (G1 Evacuation Pause) (young), 0.0146597 secs]
   [Parallel Time: 10.6 ms, GC Workers: 8]
      [GC Worker Start (ms): Min: 2744512.8, Avg: 2744513.7, Max: 2744519.7, Diff: 6.8]
      [Ext Root Scanning (ms): Min: 0.0, Avg: 0.6, Max: 1.5, Diff: 1.4, Sum: 5.1]
      [Update RS (ms): Min: 0.0, Avg: 0.9, Max: 1.3, Diff: 1.3, Sum: 7.3]
         [Processed Buffers: Min: 0, Avg: 5.6, Max: 15, Diff: 15, Sum: 45]
      [Scan RS (ms): Min: 0.0, Avg: 0.1, Max: 0.2, Diff: 0.2, Sum: 0.9]
      [Code Root Scanning (ms): Min: 0.0, Avg: 0.0, Max: 0.1, Diff: 0.1, Sum: 0.1]
      [Object Copy (ms): Min: 0.5, Avg: 5.1, Max: 7.6, Diff: 7.1, Sum: 41.1]
      [Termination (ms): Min: 0.0, Avg: 1.9, Max: 2.2, Diff: 2.2, Sum: 15.3]
         [Termination Attempts: Min: 1, Avg: 1.0, Max: 1, Diff: 0, Sum: 8]
      [GC Worker Other (ms): Min: 0.0, Avg: 0.1, Max: 0.8, Diff: 0.8, Sum: 1.0]
      [GC Worker Total (ms): Min: 2.8, Avg: 8.9, Max: 10.4, Diff: 7.5, Sum: 70.9]
      [GC Worker End (ms): Min: 2744522.5, Avg: 2744522.6, Max: 2744523.3, Diff: 0.8]
   [Code Root Fixup: 0.0 ms]
   [Code Root Purge: 0.0 ms]
   [Clear CT: 0.4 ms]
   [Other: 3.6 ms]
      [Choose CSet: 0.0 ms]
      [Ref Proc: 2.6 ms]
      [Ref Enq: 0.0 ms]
      [Redirty Cards: 0.1 ms]
      [Humongous Register: 0.1 ms]
      [Humongous Reclaim: 0.0 ms]
      [Free CSet: 0.5 ms]
   [Eden: 608.0M(608.0M)->0.0B(606.0M) Survivors: 6144.0K->8192.0K Heap: 781.2M(1024.0M)->175.7M(1024.0M)]
 [Times: user=0.08 sys=0.00, real=0.02 secs] 
2020-10-07T10:34:35.529+0100: 2811.978: [GC pause (G1 Evacuation Pause) (young), 0.0173272 secs]
   [Parallel Time: 10.9 ms, GC Workers: 8]
      [GC Worker Start (ms): Min: 2811978.3, Avg: 2811979.8, Max: 2811987.4, Diff: 9.1]
      [Ext Root Scanning (ms): Min: 0.0, Avg: 0.7, Max: 1.8, Diff: 1.8, Sum: 5.2]
      [Update RS (ms): Min: 0.0, Avg: 0.9, Max: 1.5, Diff: 1.5, Sum: 7.5]
         [Processed Buffers: Min: 0, Avg: 5.6, Max: 12, Diff: 12, Sum: 45]
      [Scan RS (ms): Min: 0.0, Avg: 0.1, Max: 0.2, Diff: 0.2, Sum: 0.9]
      [Code Root Scanning (ms): Min: 0.0, Avg: 0.0, Max: 0.1, Diff: 0.1, Sum: 0.2]
      [Object Copy (ms): Min: 0.0, Avg: 5.8, Max: 6.9, Diff: 6.9, Sum: 46.5]
      [Termination (ms): Min: 0.0, Avg: 0.4, Max: 1.2, Diff: 1.2, Sum: 2.8]
         [Termination Attempts: Min: 1, Avg: 1.9, Max: 4, Diff: 3, Sum: 15]
      [GC Worker Other (ms): Min: 0.0, Avg: 0.0, Max: 0.1, Diff: 0.0, Sum: 0.3]
      [GC Worker Total (ms): Min: 0.2, Avg: 7.9, Max: 10.1, Diff: 9.9, Sum: 63.5]
      [GC Worker End (ms): Min: 2811987.6, Avg: 2811987.7, Max: 2811988.5, Diff: 0.9]
   [Code Root Fixup: 0.0 ms]
   [Code Root Purge: 0.0 ms]
   [Clear CT: 0.8 ms]
   [Other: 5.6 ms]
      [Choose CSet: 0.0 ms]
      [Ref Proc: 4.0 ms]
      [Ref Enq: 0.0 ms]
      [Redirty Cards: 0.1 ms]
      [Humongous Register: 0.1 ms]
      [Humongous Reclaim: 0.1 ms]
      [Free CSet: 0.9 ms]
   [Eden: 606.0M(606.0M)->0.0B(606.0M) Survivors: 8192.0K->8192.0K Heap: 781.7M(1024.0M)->175.8M(1024.0M)]
 [Times: user=0.07 sys=0.00, real=0.01 secs] 
2020-10-07T10:35:31.951+0100: 2868.400: [GC pause (G1 Evacuation Pause) (young), 0.0272063 secs]
   [Parallel Time: 24.7 ms, GC Workers: 8]
      [GC Worker Start (ms): Min: 2868400.2, Avg: 2868401.7, Max: 2868405.9, Diff: 5.7]
      [Ext Root Scanning (ms): Min: 0.0, Avg: 0.9, Max: 3.8, Diff: 3.8, Sum: 7.5]
      [Update RS (ms): Min: 0.0, Avg: 3.0, Max: 4.6, Diff: 4.6, Sum: 24.4]
         [Processed Buffers: Min: 0, Avg: 7.1, Max: 15, Diff: 15, Sum: 57]
      [Scan RS (ms): Min: 0.6, Avg: 1.6, Max: 6.9, Diff: 6.3, Sum: 12.9]
      [Code Root Scanning (ms): Min: 0.0, Avg: 0.0, Max: 0.1, Diff: 0.0, Sum: 0.1]
      [Object Copy (ms): Min: 12.2, Avg: 14.2, Max: 14.6, Diff: 2.4, Sum: 113.8]
      [Termination (ms): Min: 0.0, Avg: 3.2, Max: 3.7, Diff: 3.7, Sum: 25.6]
         [Termination Attempts: Min: 1, Avg: 3.5, Max: 5, Diff: 4, Sum: 28]
      [GC Worker Other (ms): Min: 0.0, Avg: 0.1, Max: 0.1, Diff: 0.1, Sum: 0.5]
      [GC Worker Total (ms): Min: 18.8, Avg: 23.1, Max: 24.6, Diff: 5.7, Sum: 184.7]
      [GC Worker End (ms): Min: 2868424.7, Avg: 2868424.8, Max: 2868424.8, Diff: 0.1]
   [Code Root Fixup: 0.0 ms]
   [Code Root Purge: 0.0 ms]
   [Clear CT: 1.2 ms]
   [Other: 1.3 ms]
      [Choose CSet: 0.0 ms]
      [Ref Proc: 0.3 ms]
      [Ref Enq: 0.0 ms]
      [Redirty Cards: 0.1 ms]
      [Humongous Register: 0.1 ms]
      [Humongous Reclaim: 0.0 ms]
      [Free CSet: 0.5 ms]
   [Eden: 606.0M(606.0M)->0.0B(436.0M) Survivors: 8192.0K->13312.0K Heap: 781.8M(1024.0M)->180.8M(1024.0M)]
 [Times: user=0.15 sys=0.01, real=0.03 secs] 
2020-10-07T10:35:35.692+0100: 2872.142: [GC pause (G1 Evacuation Pause) (young), 0.0196927 secs]
   [Parallel Time: 18.6 ms, GC Workers: 8]
      [GC Worker Start (ms): Min: 2872141.9, Avg: 2872142.0, Max: 2872142.1, Diff: 0.2]
      [Ext Root Scanning (ms): Min: 0.6, Avg: 1.1, Max: 2.9, Diff: 2.3, Sum: 9.1]
      [Update RS (ms): Min: 0.0, Avg: 1.1, Max: 1.7, Diff: 1.7, Sum: 9.0]
         [Processed Buffers: Min: 0, Avg: 5.2, Max: 11, Diff: 11, Sum: 42]
      [Scan RS (ms): Min: 0.7, Avg: 1.3, Max: 1.7, Diff: 0.9, Sum: 10.6]
      [Code Root Scanning (ms): Min: 0.0, Avg: 0.0, Max: 0.0, Diff: 0.0, Sum: 0.1]
      [Object Copy (ms): Min: 13.1, Avg: 13.4, Max: 13.5, Diff: 0.4, Sum: 107.3]
      [Termination (ms): Min: 0.0, Avg: 0.3, Max: 1.4, Diff: 1.4, Sum: 2.0]
         [Termination Attempts: Min: 1, Avg: 3.6, Max: 7, Diff: 6, Sum: 29]
      [GC Worker Other (ms): Min: 0.0, Avg: 0.0, Max: 0.1, Diff: 0.1, Sum: 0.3]
      [GC Worker Total (ms): Min: 17.0, Avg: 17.3, Max: 18.5, Diff: 1.5, Sum: 138.5]
      [GC Worker End (ms): Min: 2872159.1, Avg: 2872159.3, Max: 2872160.4, Diff: 1.3]
   [Code Root Fixup: 0.0 ms]
   [Code Root Purge: 0.0 ms]
   [Clear CT: 0.1 ms]
   [Other: 0.9 ms]
      [Choose CSet: 0.0 ms]
      [Ref Proc: 0.3 ms]
      [Ref Enq: 0.0 ms]
      [Redirty Cards: 0.1 ms]
      [Humongous Register: 0.0 ms]
      [Humongous Reclaim: 0.0 ms]
      [Free CSet: 0.2 ms]
   [Eden: 38912.0K(38912.0K)->0.0B(610.0M) Survivors: 13312.0K->4096.0K Heap: 218.8M(1024.0M)->182.8M(1024.0M)]
 [Times: user=0.10 sys=0.01, real=0.02 secs] 
2020-10-07T10:36:41.820+0100: 2938.269: [GC pause (G1 Evacuation Pause) (young), 0.0084108 secs]
   [Parallel Time: 6.7 ms, GC Workers: 8]
      [GC Worker Start (ms): Min: 2938269.2, Avg: 2938269.6, Max: 2938270.2, Diff: 1.0]
      [Ext Root Scanning (ms): Min: 0.0, Avg: 0.7, Max: 1.4, Diff: 1.3, Sum: 5.7]
      [Update RS (ms): Min: 2.7, Avg: 3.2, Max: 5.3, Diff: 2.7, Sum: 25.9]
         [Processed Buffers: Min: 0, Avg: 6.6, Max: 15, Diff: 15, Sum: 53]
      [Scan RS (ms): Min: 0.0, Avg: 0.3, Max: 0.5, Diff: 0.5, Sum: 2.6]
      [Code Root Scanning (ms): Min: 0.0, Avg: 0.0, Max: 0.0, Diff: 0.0, Sum: 0.1]
      [Object Copy (ms): Min: 0.1, Avg: 1.6, Max: 1.9, Diff: 1.8, Sum: 12.7]
      [Termination (ms): Min: 0.0, Avg: 0.3, Max: 0.3, Diff: 0.3, Sum: 2.1]
         [Termination Attempts: Min: 1, Avg: 4.4, Max: 8, Diff: 7, Sum: 35]
      [GC Worker Other (ms): Min: 0.0, Avg: 0.0, Max: 0.0, Diff: 0.0, Sum: 0.2]
      [GC Worker Total (ms): Min: 5.5, Avg: 6.2, Max: 6.5, Diff: 1.0, Sum: 49.2]
      [GC Worker End (ms): Min: 2938275.7, Avg: 2938275.7, Max: 2938275.7, Diff: 0.0]
   [Code Root Fixup: 0.0 ms]
   [Code Root Purge: 0.0 ms]
   [Clear CT: 0.3 ms]
   [Other: 1.3 ms]
      [Choose CSet: 0.0 ms]
      [Ref Proc: 0.4 ms]
      [Ref Enq: 0.0 ms]
      [Redirty Cards: 0.1 ms]
      [Humongous Register: 0.1 ms]
      [Humongous Reclaim: 0.0 ms]
      [Free CSet: 0.4 ms]
   [Eden: 610.0M(610.0M)->0.0B(611.0M) Survivors: 4096.0K->3072.0K Heap: 792.8M(1024.0M)->181.7M(1024.0M)]
 [Times: user=0.04 sys=0.01, real=0.01 secs] 
2020-10-07T10:37:47.861+0100: 3004.311: [GC pause (G1 Evacuation Pause) (young), 0.0114570 secs]
   [Parallel Time: 9.8 ms, GC Workers: 8]
      [GC Worker Start (ms): Min: 3004310.9, Avg: 3004311.1, Max: 3004311.7, Diff: 0.8]
      [Ext Root Scanning (ms): Min: 0.0, Avg: 0.7, Max: 1.9, Diff: 1.9, Sum: 5.8]
      [Update RS (ms): Min: 0.0, Avg: 1.1, Max: 1.9, Diff: 1.9, Sum: 8.6]
         [Processed Buffers: Min: 0, Avg: 5.2, Max: 14, Diff: 14, Sum: 42]
      [Scan RS (ms): Min: 0.0, Avg: 0.1, Max: 0.2, Diff: 0.2, Sum: 0.9]
      [Code Root Scanning (ms): Min: 0.0, Avg: 0.0, Max: 0.0, Diff: 0.0, Sum: 0.1]
      [Object Copy (ms): Min: 3.1, Avg: 4.3, Max: 7.3, Diff: 4.2, Sum: 34.7]
      [Termination (ms): Min: 0.0, Avg: 3.3, Max: 3.8, Diff: 3.8, Sum: 26.4]
         [Termination Attempts: Min: 1, Avg: 1.5, Max: 2, Diff: 1, Sum: 12]
      [GC Worker Other (ms): Min: 0.0, Avg: 0.0, Max: 0.0, Diff: 0.0, Sum: 0.2]
      [GC Worker Total (ms): Min: 8.9, Avg: 9.6, Max: 9.7, Diff: 0.8, Sum: 76.7]
      [GC Worker End (ms): Min: 3004320.6, Avg: 3004320.6, Max: 3004320.7, Diff: 0.1]
   [Code Root Fixup: 0.0 ms]
   [Code Root Purge: 0.0 ms]
   [Clear CT: 0.4 ms]
   [Other: 1.3 ms]
      [Choose CSet: 0.0 ms]
      [Ref Proc: 0.3 ms]
      [Ref Enq: 0.0 ms]
      [Redirty Cards: 0.1 ms]
      [Humongous Register: 0.1 ms]
      [Humongous Reclaim: 0.0 ms]
      [Free CSet: 0.5 ms]
   [Eden: 611.0M(611.0M)->0.0B(611.0M) Survivors: 3072.0K->3072.0K Heap: 792.7M(1024.0M)->181.5M(1024.0M)]
 [Times: user=0.06 sys=0.01, real=0.01 secs] 
2020-10-07T10:38:54.307+0100: 3070.756: [GC pause (G1 Evacuation Pause) (young), 0.0102224 secs]
   [Parallel Time: 7.8 ms, GC Workers: 8]
      [GC Worker Start (ms): Min: 3070756.1, Avg: 3070756.3, Max: 3070756.9, Diff: 0.8]
      [Ext Root Scanning (ms): Min: 0.2, Avg: 1.3, Max: 2.8, Diff: 2.6, Sum: 10.1]
      [Update RS (ms): Min: 0.0, Avg: 0.8, Max: 1.3, Diff: 1.3, Sum: 6.7]
         [Processed Buffers: Min: 0, Avg: 5.8, Max: 11, Diff: 11, Sum: 46]
      [Scan RS (ms): Min: 0.0, Avg: 0.1, Max: 0.2, Diff: 0.2, Sum: 0.7]
      [Code Root Scanning (ms): Min: 0.0, Avg: 0.0, Max: 0.0, Diff: 0.0, Sum: 0.1]
      [Object Copy (ms): Min: 3.7, Avg: 4.2, Max: 5.3, Diff: 1.6, Sum: 33.5]
      [Termination (ms): Min: 0.0, Avg: 1.0, Max: 1.1, Diff: 1.1, Sum: 7.8]
         [Termination Attempts: Min: 1, Avg: 3.5, Max: 6, Diff: 5, Sum: 28]
      [GC Worker Other (ms): Min: 0.0, Avg: 0.0, Max: 0.1, Diff: 0.0, Sum: 0.2]
      [GC Worker Total (ms): Min: 6.8, Avg: 7.4, Max: 7.7, Diff: 0.8, Sum: 59.1]
      [GC Worker End (ms): Min: 3070763.7, Avg: 3070763.7, Max: 3070763.7, Diff: 0.0]
   [Code Root Fixup: 0.0 ms]
   [Code Root Purge: 0.0 ms]
   [Clear CT: 0.4 ms]
   [Other: 2.0 ms]
      [Choose CSet: 0.0 ms]
      [Ref Proc: 1.2 ms]
      [Ref Enq: 0.0 ms]
      [Redirty Cards: 0.1 ms]
      [Humongous Register: 0.1 ms]
      [Humongous Reclaim: 0.0 ms]
      [Free CSet: 0.4 ms]
   [Eden: 611.0M(611.0M)->0.0B(610.0M) Survivors: 3072.0K->4096.0K Heap: 792.5M(1024.0M)->182.7M(1024.0M)]
 [Times: user=0.05 sys=0.00, real=0.02 secs] 
2020-10-07T10:40:00.817+0100: 3137.267: [GC pause (G1 Evacuation Pause) (young), 0.0108278 secs]
   [Parallel Time: 9.0 ms, GC Workers: 8]
      [GC Worker Start (ms): Min: 3137267.0, Avg: 3137268.5, Max: 3137272.8, Diff: 5.8]
      [Ext Root Scanning (ms): Min: 0.0, Avg: 0.6, Max: 1.5, Diff: 1.5, Sum: 4.9]
      [Update RS (ms): Min: 0.0, Avg: 1.0, Max: 1.5, Diff: 1.5, Sum: 8.0]
         [Processed Buffers: Min: 0, Avg: 5.5, Max: 15, Diff: 15, Sum: 44]
      [Scan RS (ms): Min: 0.1, Avg: 0.1, Max: 0.2, Diff: 0.1, Sum: 1.1]
      [Code Root Scanning (ms): Min: 0.0, Avg: 0.0, Max: 0.0, Diff: 0.0, Sum: 0.1]
      [Object Copy (ms): Min: 1.9, Avg: 4.7, Max: 6.4, Diff: 4.5, Sum: 37.5]
      [Termination (ms): Min: 0.0, Avg: 0.9, Max: 1.1, Diff: 1.1, Sum: 6.9]
         [Termination Attempts: Min: 1, Avg: 1.6, Max: 3, Diff: 2, Sum: 13]
      [GC Worker Other (ms): Min: 0.0, Avg: 0.0, Max: 0.1, Diff: 0.1, Sum: 0.4]
      [GC Worker Total (ms): Min: 3.0, Avg: 7.4, Max: 8.8, Diff: 5.8, Sum: 58.8]
      [GC Worker End (ms): Min: 3137275.9, Avg: 3137275.9, Max: 3137275.9, Diff: 0.1]
   [Code Root Fixup: 0.0 ms]
   [Code Root Purge: 0.0 ms]
   [Clear CT: 0.4 ms]
   [Other: 1.5 ms]
      [Choose CSet: 0.0 ms]
      [Ref Proc: 0.5 ms]
      [Ref Enq: 0.0 ms]
      [Redirty Cards: 0.1 ms]
      [Humongous Register: 0.1 ms]
      [Humongous Reclaim: 0.0 ms]
      [Free CSet: 0.5 ms]
   [Eden: 610.0M(610.0M)->0.0B(608.0M) Survivors: 4096.0K->6144.0K Heap: 792.7M(1024.0M)->184.4M(1024.0M)]
 [Times: user=0.06 sys=0.00, real=0.01 secs] 
2020-10-07T10:41:06.731+0100: 3203.180: [GC pause (G1 Evacuation Pause) (young), 0.0090292 secs]
   [Parallel Time: 6.5 ms, GC Workers: 8]
      [GC Worker Start (ms): Min: 3203180.1, Avg: 3203180.2, Max: 3203180.3, Diff: 0.2]
      [Ext Root Scanning (ms): Min: 0.5, Avg: 1.2, Max: 4.7, Diff: 4.2, Sum: 9.3]
      [Update RS (ms): Min: 0.0, Avg: 0.8, Max: 1.1, Diff: 1.1, Sum: 6.4]
         [Processed Buffers: Min: 0, Avg: 5.4, Max: 11, Diff: 11, Sum: 43]
      [Scan RS (ms): Min: 0.0, Avg: 0.1, Max: 0.2, Diff: 0.1, Sum: 0.8]
      [Code Root Scanning (ms): Min: 0.0, Avg: 0.0, Max: 0.0, Diff: 0.0, Sum: 0.1]
      [Object Copy (ms): Min: 1.5, Avg: 4.1, Max: 4.6, Diff: 3.1, Sum: 33.0]
      [Termination (ms): Min: 0.0, Avg: 0.1, Max: 0.1, Diff: 0.1, Sum: 0.6]
         [Termination Attempts: Min: 1, Avg: 1.0, Max: 1, Diff: 0, Sum: 8]
      [GC Worker Other (ms): Min: 0.0, Avg: 0.0, Max: 0.1, Diff: 0.1, Sum: 0.3]
      [GC Worker Total (ms): Min: 6.2, Avg: 6.3, Max: 6.4, Diff: 0.3, Sum: 50.4]
      [GC Worker End (ms): Min: 3203186.5, Avg: 3203186.5, Max: 3203186.6, Diff: 0.1]
   [Code Root Fixup: 0.0 ms]
   [Code Root Purge: 0.0 ms]
   [Clear CT: 0.5 ms]
   [Other: 2.0 ms]
      [Choose CSet: 0.0 ms]
      [Ref Proc: 0.2 ms]
      [Ref Enq: 0.0 ms]
      [Redirty Cards: 0.8 ms]
      [Humongous Register: 0.0 ms]
      [Humongous Reclaim: 0.0 ms]
      [Free CSet: 0.5 ms]
   [Eden: 608.0M(608.0M)->0.0B(606.0M) Survivors: 6144.0K->8192.0K Heap: 792.4M(1024.0M)->186.6M(1024.0M)]
 [Times: user=0.05 sys=0.00, real=0.01 secs] 
2020-10-07T10:42:12.620+0100: 3269.069: [GC pause (G1 Evacuation Pause) (young), 0.0103612 secs]
   [Parallel Time: 8.6 ms, GC Workers: 8]
      [GC Worker Start (ms): Min: 3269069.8, Avg: 3269071.5, Max: 3269073.2, Diff: 3.4]
      [Ext Root Scanning (ms): Min: 0.0, Avg: 0.6, Max: 1.7, Diff: 1.7, Sum: 4.8]
      [Update RS (ms): Min: 0.0, Avg: 0.7, Max: 1.6, Diff: 1.6, Sum: 5.3]
         [Processed Buffers: Min: 0, Avg: 5.4, Max: 15, Diff: 15, Sum: 43]
      [Scan RS (ms): Min: 0.0, Avg: 0.1, Max: 0.2, Diff: 0.1, Sum: 0.6]
      [Code Root Scanning (ms): Min: 0.0, Avg: 0.0, Max: 0.0, Diff: 0.0, Sum: 0.0]
      [Object Copy (ms): Min: 4.9, Avg: 5.3, Max: 5.7, Diff: 0.8, Sum: 42.4]
      [Termination (ms): Min: 0.0, Avg: 0.0, Max: 0.0, Diff: 0.0, Sum: 0.0]
         [Termination Attempts: Min: 1, Avg: 2.9, Max: 5, Diff: 4, Sum: 23]
      [GC Worker Other (ms): Min: 0.0, Avg: 0.1, Max: 0.1, Diff: 0.1, Sum: 0.8]
      [GC Worker Total (ms): Min: 5.0, Avg: 6.8, Max: 8.5, Diff: 3.5, Sum: 54.1]
      [GC Worker End (ms): Min: 3269078.2, Avg: 3269078.2, Max: 3269078.3, Diff: 0.1]
   [Code Root Fixup: 0.0 ms]
   [Code Root Purge: 0.0 ms]
   [Clear CT: 0.4 ms]
   [Other: 1.4 ms]
      [Choose CSet: 0.0 ms]
      [Ref Proc: 0.4 ms]
      [Ref Enq: 0.0 ms]
      [Redirty Cards: 0.1 ms]
      [Humongous Register: 0.1 ms]
      [Humongous Reclaim: 0.0 ms]
      [Free CSet: 0.4 ms]
   [Eden: 606.0M(606.0M)->0.0B(606.0M) Survivors: 8192.0K->8192.0K Heap: 792.6M(1024.0M)->186.8M(1024.0M)]
 [Times: user=0.05 sys=0.00, real=0.01 secs] 
2020-10-07T10:43:18.375+0100: 3334.825: [GC pause (G1 Evacuation Pause) (young), 0.0178305 secs]
   [Parallel Time: 10.4 ms, GC Workers: 8]
      [GC Worker Start (ms): Min: 3334824.9, Avg: 3334827.4, Max: 3334835.0, Diff: 10.1]
      [Ext Root Scanning (ms): Min: 0.0, Avg: 0.6, Max: 1.8, Diff: 1.8, Sum: 4.9]
      [Update RS (ms): Min: 0.0, Avg: 1.1, Max: 1.9, Diff: 1.9, Sum: 8.4]
         [Processed Buffers: Min: 0, Avg: 5.6, Max: 12, Diff: 12, Sum: 45]
      [Scan RS (ms): Min: 0.0, Avg: 0.1, Max: 0.2, Diff: 0.2, Sum: 0.9]
      [Code Root Scanning (ms): Min: 0.0, Avg: 0.0, Max: 0.0, Diff: 0.0, Sum: 0.1]
      [Object Copy (ms): Min: 0.0, Avg: 5.7, Max: 7.7, Diff: 7.7, Sum: 45.7]
      [Termination (ms): Min: 0.0, Avg: 0.2, Max: 0.3, Diff: 0.3, Sum: 1.3]
         [Termination Attempts: Min: 1, Avg: 1.0, Max: 1, Diff: 0, Sum: 8]
      [GC Worker Other (ms): Min: 0.0, Avg: 0.0, Max: 0.1, Diff: 0.1, Sum: 0.4]
      [GC Worker Total (ms): Min: 0.1, Avg: 7.7, Max: 10.3, Diff: 10.2, Sum: 61.6]
      [GC Worker End (ms): Min: 3334835.1, Avg: 3334835.1, Max: 3334835.2, Diff: 0.1]
   [Code Root Fixup: 0.0 ms]
   [Code Root Purge: 0.0 ms]
   [Clear CT: 0.4 ms]
   [Other: 7.1 ms]
      [Choose CSet: 0.0 ms]
      [Ref Proc: 6.1 ms]
      [Ref Enq: 0.0 ms]
      [Redirty Cards: 0.1 ms]
      [Humongous Register: 0.1 ms]
      [Humongous Reclaim: 0.0 ms]
      [Free CSet: 0.5 ms]
   [Eden: 606.0M(606.0M)->0.0B(606.0M) Survivors: 8192.0K->8192.0K Heap: 792.8M(1024.0M)->186.3M(1024.0M)]
 [Times: user=0.09 sys=0.00, real=0.02 secs] 
2020-10-07T10:44:24.109+0100: 3400.559: [GC pause (G1 Evacuation Pause) (young), 0.0124512 secs]
   [Parallel Time: 9.9 ms, GC Workers: 8]
      [GC Worker Start (ms): Min: 3400558.7, Avg: 3400559.1, Max: 3400560.8, Diff: 2.1]
      [Ext Root Scanning (ms): Min: 0.0, Avg: 0.6, Max: 1.3, Diff: 1.3, Sum: 4.9]
      [Update RS (ms): Min: 0.0, Avg: 0.9, Max: 1.3, Diff: 1.3, Sum: 6.9]
         [Processed Buffers: Min: 0, Avg: 5.1, Max: 11, Diff: 11, Sum: 41]
      [Scan RS (ms): Min: 0.0, Avg: 0.7, Max: 4.5, Diff: 4.5, Sum: 5.5]
      [Code Root Scanning (ms): Min: 0.0, Avg: 0.0, Max: 0.0, Diff: 0.0, Sum: 0.1]
      [Object Copy (ms): Min: 2.4, Avg: 6.4, Max: 7.7, Diff: 5.3, Sum: 51.1]
      [Termination (ms): Min: 0.0, Avg: 0.2, Max: 0.9, Diff: 0.9, Sum: 1.4]
         [Termination Attempts: Min: 1, Avg: 1.8, Max: 3, Diff: 2, Sum: 14]
      [GC Worker Other (ms): Min: 0.0, Avg: 0.1, Max: 0.1, Diff: 0.1, Sum: 0.5]
      [GC Worker Total (ms): Min: 7.0, Avg: 8.8, Max: 9.7, Diff: 2.7, Sum: 70.5]
      [GC Worker End (ms): Min: 3400567.7, Avg: 3400567.9, Max: 3400568.5, Diff: 0.8]
   [Code Root Fixup: 0.0 ms]
   [Code Root Purge: 0.0 ms]
   [Clear CT: 0.4 ms]
   [Other: 2.1 ms]
      [Choose CSet: 0.0 ms]
      [Ref Proc: 1.3 ms]
      [Ref Enq: 0.0 ms]
      [Redirty Cards: 0.1 ms]
      [Humongous Register: 0.0 ms]
      [Humongous Reclaim: 0.0 ms]
      [Free CSet: 0.4 ms]
   [Eden: 606.0M(606.0M)->0.0B(605.0M) Survivors: 8192.0K->9216.0K Heap: 792.3M(1024.0M)->187.8M(1024.0M)]
 [Times: user=0.06 sys=0.00, real=0.01 secs] 
