OpenJDK 64-Bit Server VM (25.265-b01) for linux-amd64 JRE (1.8.0_265-8u265-b01-0ubuntu2~20.04-b01), built on Aug  3 2020 01:16:56 by "buildd" with gcc 9.3.0
Memory: 4k page, physical 6061580k(770588k free), swap 2097148k(2037244k free)
CommandLine flags: -XX:+ExplicitGCInvokesConcurrent -XX:GCLogFileSize=104857600 -XX:InitialHeapSize=536870912 -XX:InitiatingHeapOccupancyPercent=35 -XX:+ManagementServer -XX:MaxGCPauseMillis=20 -XX:MaxHeapSize=536870912 -XX:MaxInlineLevel=15 -XX:NumberOfGCLogFiles=10 -XX:+PrintGC -XX:+PrintGCDateStamps -XX:+PrintGCDetails -XX:+PrintGCTimeStamps -XX:+UseCompressedClassPointers -XX:+UseCompressedOops -XX:+UseG1GC -XX:+UseGCLogFileRotation 
2020-10-07T09:47:45.427+0100: 1.877: [GC pause (G1 Evacuation Pause) (young), 0.0062344 secs]
   [Parallel Time: 4.0 ms, GC Workers: 8]
      [GC Worker Start (ms): Min: 1876.9, Avg: 1877.0, Max: 1877.1, Diff: 0.2]
      [Ext Root Scanning (ms): Min: 0.7, Avg: 0.9, Max: 1.8, Diff: 1.1, Sum: 7.3]
      [Update RS (ms): Min: 0.0, Avg: 0.0, Max: 0.0, Diff: 0.0, Sum: 0.0]
         [Processed Buffers: Min: 0, Avg: 0.0, Max: 0, Diff: 0, Sum: 0]
      [Scan RS (ms): Min: 0.0, Avg: 0.0, Max: 0.0, Diff: 0.0, Sum: 0.1]
      [Code Root Scanning (ms): Min: 0.0, Avg: 0.2, Max: 0.6, Diff: 0.6, Sum: 1.2]
      [Object Copy (ms): Min: 2.0, Avg: 2.6, Max: 2.9, Diff: 0.9, Sum: 20.9]
      [Termination (ms): Min: 0.0, Avg: 0.0, Max: 0.0, Diff: 0.0, Sum: 0.1]
         [Termination Attempts: Min: 1, Avg: 27.1, Max: 42, Diff: 41, Sum: 217]
      [GC Worker Other (ms): Min: 0.0, Avg: 0.0, Max: 0.0, Diff: 0.0, Sum: 0.3]
      [GC Worker Total (ms): Min: 3.6, Avg: 3.7, Max: 3.8, Diff: 0.2, Sum: 29.9]
      [GC Worker End (ms): Min: 1880.7, Avg: 1880.7, Max: 1880.7, Diff: 0.0]
   [Code Root Fixup: 0.0 ms]
   [Code Root Purge: 0.0 ms]
   [Clear CT: 0.1 ms]
   [Other: 2.0 ms]
      [Choose CSet: 0.0 ms]
      [Ref Proc: 1.6 ms]
      [Ref Enq: 0.0 ms]
      [Redirty Cards: 0.1 ms]
      [Humongous Register: 0.0 ms]
      [Humongous Reclaim: 0.0 ms]
      [Free CSet: 0.1 ms]
   [Eden: 25600.0K(25600.0K)->0.0B(21504.0K) Survivors: 0.0B->4096.0K Heap: 25600.0K(512.0M)->3809.9K(512.0M)]
 [Times: user=0.03 sys=0.01, real=0.01 secs] 
